chimaera@Laerna:/etc/netplan$ ip addr show
1: lo: <LOOPBACK,UP,LOWER_UP> mtu 65536 qdisc noqueue state UNKNOWN group default qlen 1000
    link/loopback 00:00:00:00:00:00 brd 00:00:00:00:00:00
    inet 127.0.0.1/8 scope host lo
       valid_lft forever preferred_lft forever
    inet6 ::1/128 scope host
       valid_lft forever preferred_lft forever
2: enp0s3: <BROADCAST,MULTICAST,UP,LOWER_UP> mtu 1500 qdisc fq_codel state UP group default qlen 1000
    link/ether 08:00:27:8c:8d:b3 brd ff:ff:ff:ff:ff:ff
    inet 192.168.1.52/24 brd 192.168.1.255 scope global noprefixroute enp0s3
       valid_lft forever preferred_lft forever
    inet6 fe80::732e:86a1:6e71:ff12/64 scope link noprefixroute
       valid_lft forever preferred_lft forever
chimaera@Laerna:/etc/netplan$ ip addr add 192.168.1.100/24 broadcast 192.168.1.255 dev enp0s3
RTNETLINK answers: Operation not permitted
chimaera@Laerna:/etc/netplan$ sudoip addr add 192.168.1.100/24 broadcast 192.168.1.255 dev enp0s3
sudoip: command not found
chimaera@Laerna:/etc/netplan$ sudo ip addr add 192.168.1.100/24 broadcast 192.168.1.255 dev enp0s3
[sudo] password for chimaera:
Sorry, try again.
[sudo] password for chimaera:
chimaera@Laerna:/etc/netplan$ ip addr show
1: lo: <LOOPBACK,UP,LOWER_UP> mtu 65536 qdisc noqueue state UNKNOWN group default qlen 1000
    link/loopback 00:00:00:00:00:00 brd 00:00:00:00:00:00
    inet 127.0.0.1/8 scope host lo
       valid_lft forever preferred_lft forever
    inet6 ::1/128 scope host
       valid_lft forever preferred_lft forever
2: enp0s3: <BROADCAST,MULTICAST,UP,LOWER_UP> mtu 1500 qdisc fq_codel state UP group default qlen 1000
    link/ether 08:00:27:8c:8d:b3 brd ff:ff:ff:ff:ff:ff
    inet 192.168.1.52/24 brd 192.168.1.255 scope global noprefixroute enp0s3
       valid_lft forever preferred_lft forever
    inet 192.168.1.100/24 brd 192.168.1.255 scope global secondary enp0s3
       valid_lft forever preferred_lft forever
    inet6 fe80::732e:86a1:6e71:ff12/64 scope link noprefixroute
       valid_lft forever preferred_lft forever
chimaera@Laerna:/etc/netplan$ sudo vi /etc/resolv.conf
chimaera@Laerna:/etc/netplan$ ping ya.ru
PING ya.ru (87.250.250.242) 56(84) bytes of data.
64 bytes from ya.ru (87.250.250.242): icmp_seq=1 ttl=247 time=11.4 ms
64 bytes from ya.ru (87.250.250.242): icmp_seq=2 ttl=247 time=11.8 ms
64 bytes from ya.ru (87.250.250.242): icmp_seq=3 ttl=247 time=11.9 ms
64 bytes from ya.ru (87.250.250.242): icmp_seq=4 ttl=247 time=11.4 ms
64 bytes from ya.ru (87.250.250.242): icmp_seq=5 ttl=247 time=11.4 ms
64 bytes from ya.ru (87.250.250.242): icmp_seq=6 ttl=247 time=11.5 ms
^C
--- ya.ru ping statistics ---
6 packets transmitted, 6 received, 0% packet loss, time 5009ms
rtt min/avg/max/mdev = 11.381/11.586/11.926/0.215 ms
chimaera@Laerna:/etc/netplan$ nslookup ya.ru
Server:         1.1.1.1
Address:        1.1.1.1#53

Non-authoritative answer:
Name:   ya.ru
Address: 87.250.250.242
Name:   ya.ru
Address: 2a02:6b8::2:242

chimaera@Laerna:/etc/netplan$
chimaera@Laerna:/etc/netplan$ sudo vi 01-network-manager-all.yaml
chimaera@Laerna:/etc/netplan$ cat 01-network-manager-all.yaml
# Let NetworkManager manage all devices on this system
network:
  version: 2
  renderer: networkd
  ethernets:
    enp0s3:
      addresses:
        - 192.168.1.100/24
      gateway4: 192.168.1.1
      nameservers:
        addresses: [1.1.1.1, 8.8.8.8, 4.4.4.4]
      dhcp4: no
chimaera@Laerna:~$ sudo iptables -L -v
[sudo] password for chimaera:
Chain INPUT (policy ACCEPT 4060 packets, 3530K bytes)
 pkts bytes target     prot opt in     out     source               destination

Chain FORWARD (policy ACCEPT 0 packets, 0 bytes)
 pkts bytes target     prot opt in     out     source               destination

Chain OUTPUT (policy ACCEPT 1992 packets, 175K bytes)
 pkts bytes target     prot opt in     out     source               destination
chimaera@Laerna:~$ sudo iptables -L |grep policy
Chain INPUT (policy ACCEPT)
Chain FORWARD (policy ACCEPT)
Chain OUTPUT (policy ACCEPT)
chimaera@Laerna:~$ sudo iptables -A INPUT -p tcp --dport https -s 192.168.1.50 -j ACCEPT
chimaera@Laerna:~$ sudo iptables -A INPUT -p tcp --dport http -s 192.168.1.50 -j ACCEPT
chimaera@Laerna:~$ sudo iptables -A INPUT -p tcp --dport ssh -s 192.168.1.50 -j ACCEPT
chimaera@Laerna:~$ sudo iptables -P INPUT DROP
chimaera@Laerna:~$ sudo iptables -t nat -A PREROUTING -p tcp --dport 8080 -j REDIRECT --to-port 80
chimaera@Laerna:~$ sudo service netfilter-persistent save
 * Saving netfilter rules...                                                                                                                                                                                                                 run-parts: executing /usr/share/netfilter-persistent/plugins.d/15-ip4tables save
run-parts: executing /usr/share/netfilter-persistent/plugins.d/25-ip6tables save
                                                                                                                                                                                                                                      [ OK ]
chimaera@Laerna:~$ sudo iptables -L -v
Chain INPUT (policy DROP 31 packets, 2861 bytes)
 pkts bytes target     prot opt in     out     source               destination
    0     0 ACCEPT     tcp  --  any    any     192.168.1.50         anywhere             tcp dpt:https
    0     0 ACCEPT     tcp  --  any    any     192.168.1.50         anywhere             tcp dpt:http
  864 72016 ACCEPT     tcp  --  any    any     192.168.1.50         anywhere             tcp dpt:ssh

Chain FORWARD (policy ACCEPT 0 packets, 0 bytes)
 pkts bytes target     prot opt in     out     source               destination

Chain OUTPUT (policy ACCEPT 465 packets, 52034 bytes)
 pkts bytes target     prot opt in     out     source               destination
chimaera@Laerna:~$ sudo iptables -t nat -L -n -v
Chain PREROUTING (policy ACCEPT 0 packets, 0 bytes)
 pkts bytes target     prot opt in     out     source               destination
    0     0 REDIRECT   tcp  --  *      *       0.0.0.0/0            0.0.0.0/0            tcp dpt:8080 redir ports 80

Chain INPUT (policy ACCEPT 0 packets, 0 bytes)
 pkts bytes target     prot opt in     out     source               destination

Chain OUTPUT (policy ACCEPT 6 packets, 528 bytes)
 pkts bytes target     prot opt in     out     source               destination

Chain POSTROUTING (policy ACCEPT 6 packets, 528 bytes)
 pkts bytes target     prot opt in     out     source               destination

